> Task :app:preBuild UP-TO-DATE
> Task :app:preDebugBuild UP-TO-DATE
> Task :app:mergeDebugNativeDebugMetadata NO-SOURCE
> Task :app:dataBindingMergeDependencyArtifactsDebug UP-TO-DATE
> Task :app:generateDebugResValues UP-TO-DATE
> Task :app:generateDebugResources UP-TO-DATE
> Task :app:processDebugGoogleServices UP-TO-DATE
> Task :app:mergeDebugResources UP-TO-DATE
> Task :app:packageDebugResources UP-TO-DATE
> Task :app:parseDebugLocalResources UP-TO-DATE
> Task :app:dataBindingGenBaseClassesDebug UP-TO-DATE
> Task :app:mergeDebugMlModels UP-TO-DATE
> Task :app:generateDebugMlModelClass UP-TO-DATE
> Task :app:checkDebugAarMetadata UP-TO-DATE
> Task :app:mapDebugSourceSetPaths UP-TO-DATE
> Task :app:createDebugCompatibleScreenManifests UP-TO-DATE
> Task :app:extractDeepLinksDebug UP-TO-DATE
> Task :app:processDebugMainManifest UP-TO-DATE
> Task :app:processDebugManifest UP-TO-DATE
> Task :app:processDebugManifestForPackage UP-TO-DATE
> Task :app:processDebugResources UP-TO-DATE
> Task :app:javaPreCompileDebug UP-TO-DATE
> Task :app:mergeDebugShaders UP-TO-DATE
> Task :app:compileDebugShaders NO-SOURCE
> Task :app:generateDebugAssets UP-TO-DATE
> Task :app:mergeDebugAssets UP-TO-DATE
> Task :app:compressDebugAssets UP-TO-DATE
> Task :app:desugarDebugFileDependencies UP-TO-DATE
> Task :app:checkDebugDuplicateClasses UP-TO-DATE
> Task :app:mergeExtDexDebug UP-TO-DATE
> Task :app:mergeLibDexDebug UP-TO-DATE
> Task :app:mergeDebugJniLibFolders UP-TO-DATE
> Task :app:mergeDebugNativeLibs UP-TO-DATE
> Task :app:stripDebugDebugSymbols UP-TO-DATE
> Task :app:validateSigningDebug UP-TO-DATE
> Task :app:writeDebugAppMetadata UP-TO-DATE
> Task :app:writeDebugSigningConfigVersions UP-TO-DATE

> Task :app:compileDebugKotlin
.\gradlew.bat : e: file:///D:/fish-sih-final/fish-sih-final/app/src/main/java/com/surendramaran/yolov8tflite/ui/ocean/OceanDa
taMapFragment.kt:189:41 Unresolved reference: ParticleFlowOverlay
At line:1 char:1
+ .\gradlew.bat assembleDebug > build_output.txt 2>&1
+ ~~~~~~~~~~~~~~~~~~~~~~~~~~~~~~~~~~~~~~~~~~~~~~~~~~~
    + CategoryInfo          : NotSpecified: (e: file:///D:/f...icleFlowOverlay:String) [], RemoteException
    + FullyQualifiedErrorId : NativeCommandError
 
e: file:///D:/fish-sih-final/fish-sih-final/app/src/main/java/com/surendramaran/yolov8tflite/ui/ocean/OceanDataMapFragment.kt
:192:31 Not enough information to infer type variable V
e: file:///D:/fish-sih-final/fish-sih-final/app/src/main/java/com/surendramaran/yolov8tflite/ui/ocean/OceanDataMapFragment.kt
:193:18 Unresolved reference: ParticleFlowOverlay
e: file:///D:/fish-sih-final/fish-sih-final/app/src/main/java/com/surendramaran/yolov8tflite/ui/ocean/OceanDataMapFragment.kt
:194:26 Unresolved reference: ParticleFlowOverlay
e: file:///D:/fish-sih-final/fish-sih-final/app/src/main/java/com/surendramaran/yolov8tflite/ui/ocean/OceanDataMapFragment.kt
:195:20 Unresolved reference: ParticleFlowOverlay
e: file:///D:/fish-sih-final/fish-sih-final/app/src/main/java/com/surendramaran/yolov8tflite/ui/ocean/OceanDataMapFragment.kt
:196:23 Unresolved reference: ParticleFlowOverlay
e: file:///D:/fish-sih-final/fish-sih-final/app/src/main/java/com/surendramaran/yolov8tflite/ui/ocean/OceanDataMapFragment.kt
:197:26 Unresolved reference: ParticleFlowOverlay
e: file:///D:/fish-sih-final/fish-sih-final/app/src/main/java/com/surendramaran/yolov8tflite/ui/ocean/OceanDataMapFragment.kt
:198:20 Unresolved reference: ParticleFlowOverlay
e: file:///D:/fish-sih-final/fish-sih-final/app/src/main/java/com/surendramaran/yolov8tflite/ui/ocean/OceanDataMapFragment.kt
:199:18 Unresolved reference: ParticleFlowOverlay
e: file:///D:/fish-sih-final/fish-sih-final/app/src/main/java/com/surendramaran/yolov8tflite/ui/ocean/OceanDataMapFragment.kt
:200:29 Unresolved reference: ParticleFlowOverlay
e: file:///D:/fish-sih-final/fish-sih-final/app/src/main/java/com/surendramaran/yolov8tflite/ui/ocean/OceanDataMapFragment.kt
:201:24 Unresolved reference: ParticleFlowOverlay
e: file:///D:/fish-sih-final/fish-sih-final/app/src/main/java/com/surendramaran/yolov8tflite/ui/ocean/OceanDataMapFragment.kt
:202:20 Unresolved reference: ParticleFlowOverlay
e: file:///D:/fish-sih-final/fish-sih-final/app/src/main/java/com/surendramaran/yolov8tflite/ui/ocean/OceanDataMapFragment.kt
:203:22 Unresolved reference: ParticleFlowOverlay

> Task :app:compileDebugKotlin FAILED

FAILURE: Build failed with an exception.

* What went wrong:
Execution failed for task ':app:compileDebugKotlin'.
> A failure occurred while executing 
org.jetbrains.kotlin.compilerRunner.GradleCompilerRunnerWithWorkers$GradleKotlinCompilerWorkAction
   > Compilation error. See log for more details

* Try:
> Run with --stacktrace option to get the stack trace.
> Run with --info or --debug option to get more log output.
> Run with --scan to get full insights.
> Get more help at https://help.gradle.org.

BUILD FAILED in 4s
33 actionable tasks: 1 executed, 32 up-to-date
